// Jest Snapshot v1, https://goo.gl/fbAQLP

exports[`ListStyle renders correctly 1`] = `
<Svg
  height={110}
  style={Object {}}
  viewBox="0 0 400 110"
  width={400}
>
  <Rect
    clipPath="url(#ListStyle-animated-diff)"
    fill="url(#ListStyle-diff)"
    height="100%"
    width="100%"
    x="0"
    y="0"
  />
  <Defs>
    <ClipPath
      id="ListStyle-animated-diff"
    >
      <Rect
        height="10"
        rx="3"
        ry="3"
        width="250"
        x="0"
        y="0"
      />
      <Rect
        height="10"
        rx="3"
        ry="3"
        width="220"
        x="20"
        y="20"
      />
      <Rect
        height="10"
        rx="3"
        ry="3"
        width="170"
        x="20"
        y="40"
      />
      <Rect
        height="10"
        rx="3"
        ry="3"
        width="250"
        x="0"
        y="60"
      />
      <Rect
        height="10"
        rx="3"
        ry="3"
        width="200"
        x="20"
        y="80"
      />
      <Rect
        height="10"
        rx="3"
        ry="3"
        width="80"
        x="20"
        y="100"
      />
    </ClipPath>
    <LinearGradient
      id="ListStyle-diff"
      x1="-100%"
      x2="100%"
      y1={0}
      y2={0}
    >
      <Stop
        offset={0}
        stopColor="#f5f6f7"
      />
      <Stop
        offset={0}
        stopColor="#eee"
      />
      <Stop
        offset={0}
        stopColor="#f5f6f7"
      />
    </LinearGradient>
  </Defs>
</Svg>
`;
