// Jest Snapshot v1, https://goo.gl/fbAQLP

exports[`CodeStyle renders correctly 1`] = `
<Svg
  height={130}
  preserveAspectRatio="none"
  style={Object {}}
  viewBox="0 0 400 130"
  width={400}
>
  <Rect
    clipPath="url(#CodeStyle-idGradient)"
    fill="url(#CodeStyle-idClip)"
    height={130}
    width={400}
    x="0"
    y="0"
  />
  <Defs>
    <ClipPath
      id="CodeStyle-idGradient"
    >
      <Rect
        height="10"
        rx="3"
        ry="3"
        width="70"
        x="0"
        y="0"
      />
      <Rect
        height="10"
        rx="3"
        ry="3"
        width="100"
        x="80"
        y="0"
      />
      <Rect
        height="10"
        rx="3"
        ry="3"
        width="10"
        x="190"
        y="0"
      />
      <Rect
        height="10"
        rx="3"
        ry="3"
        width="130"
        x="15"
        y="20"
      />
      <Rect
        height="10"
        rx="3"
        ry="3"
        width="130"
        x="155"
        y="20"
      />
      <Rect
        height="10"
        rx="3"
        ry="3"
        width="90"
        x="15"
        y="40"
      />
      <Rect
        height="10"
        rx="3"
        ry="3"
        width="60"
        x="115"
        y="40"
      />
      <Rect
        height="10"
        rx="3"
        ry="3"
        width="60"
        x="185"
        y="40"
      />
      <Rect
        height="10"
        rx="3"
        ry="3"
        width="30"
        x="0"
        y="60"
      />
    </ClipPath>
    <LinearGradient
      id="CodeStyle-idClip"
      x1="-100%"
      x2="100%"
      y1={0}
      y2={0}
    >
      <Stop
        offset={0}
        stopColor="#f0f0f0"
      />
      <Stop
        offset={0}
        stopColor="#e0e0e0"
      />
      <Stop
        offset={0}
        stopColor="#f0f0f0"
      />
    </LinearGradient>
  </Defs>
</Svg>
`;
