// Jest Snapshot v1, https://goo.gl/fbAQLP

exports[`InstagramStyle renders correctly 1`] = `
<Svg
  height={480}
  preserveAspectRatio="none"
  style={Object {}}
  viewBox="0 0 400 480"
  width={400}
>
  <Rect
    clipPath="url(#InstagramStyle-idGradient)"
    fill="url(#InstagramStyle-idClip)"
    height={480}
    width={400}
    x="0"
    y="0"
  />
  <Defs>
    <ClipPath
      id="InstagramStyle-idGradient"
    >
      <Circle
        cx="30"
        cy="30"
        r="30"
      />
      <Rect
        height="13"
        rx="4"
        ry="4"
        width="100"
        x="75"
        y="13"
      />
      <Rect
        height="8"
        rx="4"
        ry="4"
        width="50"
        x="75"
        y="37"
      />
      <Rect
        height="400"
        rx="5"
        ry="5"
        width="400"
        x="0"
        y="70"
      />
    </ClipPath>
    <LinearGradient
      id="InstagramStyle-idClip"
      x1="-100%"
      x2="100%"
      y1={0}
      y2={0}
    >
      <Stop
        offset={0}
        stopColor="#f0f0f0"
      />
      <Stop
        offset={0}
        stopColor="#e0e0e0"
      />
      <Stop
        offset={0}
        stopColor="#f0f0f0"
      />
    </LinearGradient>
  </Defs>
</Svg>
`;
